// Jest Snapshot v1, https://goo.gl/fbAQLP

exports[`NewsContainer should be an instance of NewsContainer component 1`] = `
<section
  className="newsContainer"
>
  <NewsArticle
    body="Oriental Chicken Flavor"
    headline="Ramen"
    img="ur.link"
    key="7"
    link="url.link"
  />
</section>
`;
